=== 60eb26d rep1 (no --no-thinking, no --speculative-mtp: not present at this commit) ===
model loaded in 1.812s (fnv1a64:c9cb348f1d86017c, BF16+F32+Q4K+Q5K+Q6K+Q8_0)
starting full expert warmup in GGUF file order; Ctrl-C cancels
full warmup: 3/120 tensors, 0.5/18.2 GiB
full warmup: 6/120 tensors, 1.0/18.2 GiB
full warmup: 9/120 tensors, 1.5/18.2 GiB
full warmup: 12/120 tensors, 1.9/18.2 GiB
full warmup: 15/120 tensors, 2.4/18.2 GiB
full warmup: 18/120 tensors, 2.9/18.2 GiB
full warmup: 21/120 tensors, 3.3/18.2 GiB
full warmup: 24/120 tensors, 3.8/18.2 GiB
full warmup: 27/120 tensors, 4.2/18.2 GiB
full warmup: 30/120 tensors, 4.6/18.2 GiB
full warmup: 33/120 tensors, 5.1/18.2 GiB
full warmup: 36/120 tensors, 5.5/18.2 GiB
full warmup: 39/120 tensors, 5.9/18.2 GiB
full warmup: 42/120 tensors, 6.4/18.2 GiB
full warmup: 45/120 tensors, 6.8/18.2 GiB
full warmup: 48/120 tensors, 7.3/18.2 GiB
full warmup: 51/120 tensors, 7.8/18.2 GiB
full warmup: 54/120 tensors, 8.2/18.2 GiB
full warmup: 57/120 tensors, 8.6/18.2 GiB
full warmup: 60/120 tensors, 9.1/18.2 GiB
full warmup: 63/120 tensors, 9.5/18.2 GiB
full warmup: 66/120 tensors, 9.9/18.2 GiB
full warmup: 69/120 tensors, 10.4/18.2 GiB
full warmup: 72/120 tensors, 10.8/18.2 GiB
full warmup: 75/120 tensors, 11.3/18.2 GiB
full warmup: 78/120 tensors, 11.7/18.2 GiB
full warmup: 81/120 tensors, 12.2/18.2 GiB
full warmup: 84/120 tensors, 12.6/18.2 GiB
full warmup: 87/120 tensors, 13.1/18.2 GiB
full warmup: 90/120 tensors, 13.5/18.2 GiB
full warmup: 93/120 tensors, 13.9/18.2 GiB
full warmup: 96/120 tensors, 14.4/18.2 GiB
full warmup: 99/120 tensors, 14.8/18.2 GiB
full warmup: 102/120 tensors, 15.2/18.2 GiB
full warmup: 105/120 tensors, 15.7/18.2 GiB
full warmup: 108/120 tensors, 16.2/18.2 GiB
full warmup: 111/120 tensors, 16.7/18.2 GiB
full warmup: 114/120 tensors, 17.2/18.2 GiB
full warmup: 117/120 tensors, 17.7/18.2 GiB
full warmup: 120/120 tensors, 18.2/18.2 GiB
full expert warmup complete (PinnedExpertCache): 18.2 GiB in 12.197s (1524.9 MiB/s), 0.0 GiB physical reads; 18.2 GiB resident in 20480 cache entries
Here's a thinking process:

1.  **Understand User Request:**
   - **Language:** Rust
   - **Task:** Parse a semver string into (major, minor, patch)
   - **Requirement:** Include unit tests
   - **Input Format:** Semver string (e.g., "1.2.3", "0.1.0", "10.20.30")
   - **Output Format:** Tuple `(u32, u32, u32)` or similar
   - **Error Handling:** Should handle invalid formats gracefully (return `Result
prompt token ids: [248045, 846, 198, 7734, 264, 32671, 709, 421, 68434, 264, 5067, 415, 886, 1083, 318, 35299, 11, 8652, 11, 10582, 8, 440, 4821, 6813, 13, 248046, 198, 248045, 74455, 198, 248068, 198]
generated token ids: [8160, 579, 264, 7047, 1817, 25, 271, 16, 13, 220, 2972, 15771, 2598, 2570, 5952, 64700, 198, 256, 471, 2972, 13410, 64700, 32671, 198, 256, 471, 2972, 6065, 64700, 14347, 264, 5067, 415, 886, 1083, 318, 35299, 11, 8652, 11, 10582, 8, 198, 256, 471, 2972, 73211, 64700, 28763, 4821, 6813, 198, 256, 471, 2972, 2425, 14606, 64700, 13840, 415, 886, 318, 68, 1257, 2487, 328, 16, 13, 17, 13, 18, 487, 328, 15, 13, 16, 13, 15, 487, 328, 16, 15, 13, 17, 15, 13, 18, 15, 871, 198, 256, 471, 2972, 4935, 14606, 64700, 23846, 47029, 84, 18, 17, 11, 560, 18, 17, 11, 560, 18, 17, 44646, 466, 4283, 198, 256, 471, 2972, 1401, 53844, 64700, 11910, 3579, 8060, 19251, 75810, 318, 671, 1510, 2009]
input: 32 tokens evaluated in 2.707s (11.82 tok/s); decode: 127 passes in 15.431s (8.23 tok/s); context: 160 tokens
expert cache: 101760/101760 hits (100.0%); loaded 0.0 MiB of GGUF ranges; resident 18600.0/24000.0 MiB in 20480 entries (fully resident: true); 0 evictions
process: physical reads 0.0 MiB; faults 44776 minor / 0 major; RSS 20687.2 MiB, peak 20711.5 MiB
--- end rep1 ---
=== 60eb26d rep2 (no --no-thinking, no --speculative-mtp: not present at this commit) ===
model loaded in 1.759s (fnv1a64:c9cb348f1d86017c, BF16+F32+Q4K+Q5K+Q6K+Q8_0)
starting full expert warmup in GGUF file order; Ctrl-C cancels
full warmup: 3/120 tensors, 0.5/18.2 GiB
full warmup: 6/120 tensors, 1.0/18.2 GiB
full warmup: 9/120 tensors, 1.5/18.2 GiB
full warmup: 12/120 tensors, 1.9/18.2 GiB
full warmup: 15/120 tensors, 2.4/18.2 GiB
full warmup: 18/120 tensors, 2.9/18.2 GiB
full warmup: 21/120 tensors, 3.3/18.2 GiB
full warmup: 24/120 tensors, 3.8/18.2 GiB
full warmup: 27/120 tensors, 4.2/18.2 GiB
full warmup: 30/120 tensors, 4.6/18.2 GiB
full warmup: 33/120 tensors, 5.1/18.2 GiB
full warmup: 36/120 tensors, 5.5/18.2 GiB
full warmup: 39/120 tensors, 5.9/18.2 GiB
full warmup: 42/120 tensors, 6.4/18.2 GiB
full warmup: 45/120 tensors, 6.8/18.2 GiB
full warmup: 48/120 tensors, 7.3/18.2 GiB
full warmup: 51/120 tensors, 7.8/18.2 GiB
full warmup: 54/120 tensors, 8.2/18.2 GiB
full warmup: 57/120 tensors, 8.6/18.2 GiB
full warmup: 60/120 tensors, 9.1/18.2 GiB
full warmup: 63/120 tensors, 9.5/18.2 GiB
full warmup: 66/120 tensors, 9.9/18.2 GiB
full warmup: 69/120 tensors, 10.4/18.2 GiB
full warmup: 72/120 tensors, 10.8/18.2 GiB
full warmup: 75/120 tensors, 11.3/18.2 GiB
full warmup: 78/120 tensors, 11.7/18.2 GiB
full warmup: 81/120 tensors, 12.2/18.2 GiB
full warmup: 84/120 tensors, 12.6/18.2 GiB
full warmup: 87/120 tensors, 13.1/18.2 GiB
full warmup: 90/120 tensors, 13.5/18.2 GiB
full warmup: 93/120 tensors, 13.9/18.2 GiB
full warmup: 96/120 tensors, 14.4/18.2 GiB
full warmup: 99/120 tensors, 14.8/18.2 GiB
full warmup: 102/120 tensors, 15.2/18.2 GiB
full warmup: 105/120 tensors, 15.7/18.2 GiB
full warmup: 108/120 tensors, 16.2/18.2 GiB
full warmup: 111/120 tensors, 16.7/18.2 GiB
full warmup: 114/120 tensors, 17.2/18.2 GiB
full warmup: 117/120 tensors, 17.7/18.2 GiB
full warmup: 120/120 tensors, 18.2/18.2 GiB
full expert warmup complete (PinnedExpertCache): 18.2 GiB in 12.347s (1506.4 MiB/s), 0.0 GiB physical reads; 18.2 GiB resident in 20480 cache entries
Here's a thinking process:

1.  **Understand User Request:**
   - **Language:** Rust
   - **Task:** Parse a semver string into (major, minor, patch)
   - **Requirement:** Include unit tests
   - **Input Format:** Semver string (e.g., "1.2.3", "0.1.0", "10.20.30")
   - **Output Format:** Tuple `(u32, u32, u32)` or similar
   - **Error Handling:** Should handle invalid formats gracefully (return `Result
prompt token ids: [248045, 846, 198, 7734, 264, 32671, 709, 421, 68434, 264, 5067, 415, 886, 1083, 318, 35299, 11, 8652, 11, 10582, 8, 440, 4821, 6813, 13, 248046, 198, 248045, 74455, 198, 248068, 198]
generated token ids: [8160, 579, 264, 7047, 1817, 25, 271, 16, 13, 220, 2972, 15771, 2598, 2570, 5952, 64700, 198, 256, 471, 2972, 13410, 64700, 32671, 198, 256, 471, 2972, 6065, 64700, 14347, 264, 5067, 415, 886, 1083, 318, 35299, 11, 8652, 11, 10582, 8, 198, 256, 471, 2972, 73211, 64700, 28763, 4821, 6813, 198, 256, 471, 2972, 2425, 14606, 64700, 13840, 415, 886, 318, 68, 1257, 2487, 328, 16, 13, 17, 13, 18, 487, 328, 15, 13, 16, 13, 15, 487, 328, 16, 15, 13, 17, 15, 13, 18, 15, 871, 198, 256, 471, 2972, 4935, 14606, 64700, 23846, 47029, 84, 18, 17, 11, 560, 18, 17, 11, 560, 18, 17, 44646, 466, 4283, 198, 256, 471, 2972, 1401, 53844, 64700, 11910, 3579, 8060, 19251, 75810, 318, 671, 1510, 2009]
input: 32 tokens evaluated in 2.680s (11.94 tok/s); decode: 127 passes in 15.480s (8.20 tok/s); context: 160 tokens
expert cache: 101760/101760 hits (100.0%); loaded 0.0 MiB of GGUF ranges; resident 18600.0/24000.0 MiB in 20480 entries (fully resident: true); 0 evictions
process: physical reads 0.0 MiB; faults 43824 minor / 0 major; RSS 20689.7 MiB, peak 20713.9 MiB
--- end rep2 ---
