### lscpu ###
Architecture:                            x86_64
CPU op-mode(s):                          32-bit, 64-bit
Address sizes:                           39 bits physical, 48 bits virtual
Byte Order:                              Little Endian
CPU(s):                                  12
On-line CPU(s) list:                     0-11
Vendor ID:                               GenuineIntel
Model name:                              Intel(R) Core(TM) i7-8700 CPU @ 3.20GHz
CPU family:                              6
Model:                                   158
Thread(s) per core:                      2
Core(s) per socket:                      6
Socket(s):                               1
Stepping:                                10
CPU(s) scaling MHz:                      76%
CPU max MHz:                             4600.0000
CPU min MHz:                             800.0000
BogoMIPS:                                6399.96
Flags:                                   fpu vme de pse tsc msr pae mce cx8 apic sep mtrr pge mca cmov pat pse36 clflush dts acpi mmx fxsr sse sse2 ss ht tm pbe syscall nx pdpe1gb rdtscp lm constant_tsc art arch_perfmon pebs bts rep_good nopl xtopology nonstop_tsc cpuid aperfmperf pni pclmulqdq dtes64 monitor ds_cpl vmx smx est tm2 ssse3 sdbg fma cx16 xtpr pdcm pcid sse4_1 sse4_2 x2apic movbe popcnt tsc_deadline_timer aes xsave avx f16c rdrand lahf_lm abm 3dnowprefetch cpuid_fault pti ssbd ibrs ibpb stibp tpr_shadow flexpriority ept vpid ept_ad fsgsbase tsc_adjust bmi1 avx2 smep bmi2 erms invpcid mpx rdseed adx smap clflushopt intel_pt xsaveopt xsavec xgetbv1 xsaves dtherm ida arat pln pts hwp hwp_notify hwp_act_window hwp_epp vnmi md_clear flush_l1d arch_capabilities ibpb_exit_to_user
Virtualization:                          VT-x
L1d cache:                               192 KiB (6 instances)
L1i cache:                               192 KiB (6 instances)
L2 cache:                                1.5 MiB (6 instances)
L3 cache:                                12 MiB (1 instance)
NUMA node(s):                            1
NUMA node0 CPU(s):                       0-11
Vulnerability Gather data sampling:      Mitigation; Microcode
Vulnerability Indirect target selection: Not affected
Vulnerability Itlb multihit:             KVM: Mitigation: Split huge pages
Vulnerability L1tf:                      Mitigation; PTE Inversion; VMX conditional cache flushes, SMT vulnerable
Vulnerability Mds:                       Mitigation; Clear CPU buffers; SMT vulnerable
Vulnerability Meltdown:                  Mitigation; PTI
Vulnerability Mmio stale data:           Mitigation; Clear CPU buffers; SMT vulnerable
Vulnerability Reg file data sampling:    Not affected
Vulnerability Retbleed:                  Mitigation; IBRS
Vulnerability Spec rstack overflow:      Not affected
Vulnerability Spec store bypass:         Mitigation; Speculative Store Bypass disabled via prctl
Vulnerability Spectre v1:                Mitigation; usercopy/swapgs barriers and __user pointer sanitization
Vulnerability Spectre v2:                Mitigation; IBRS; IBPB conditional; STIBP conditional; RSB filling; PBRSB-eIBRS Not affected; BHI Not affected
Vulnerability Srbds:                     Mitigation; Microcode
Vulnerability Tsa:                       Not affected
Vulnerability Tsx async abort:           Mitigation; TSX disabled
Vulnerability Vmscape:                   Mitigation; IBPB before exit to userspace
### numactl --hardware ###
(eval):9: command not found: numactl
### scaling_governor ###
     12 powersave
### meminfo ###
MemTotal:       131813152 kB
AnonHugePages:     34816 kB
HugePages_Total:       0
Hugepagesize:       2048 kB
### dmidecode ###
sudo dmidecode unavailable
### thread_siblings_list ###
/sys/devices/system/cpu/cpu0/topology/thread_siblings_list: 0,6
/sys/devices/system/cpu/cpu1/topology/thread_siblings_list: 1,7
/sys/devices/system/cpu/cpu10/topology/thread_siblings_list: 4,10
/sys/devices/system/cpu/cpu11/topology/thread_siblings_list: 5,11
/sys/devices/system/cpu/cpu2/topology/thread_siblings_list: 2,8
/sys/devices/system/cpu/cpu3/topology/thread_siblings_list: 3,9
/sys/devices/system/cpu/cpu4/topology/thread_siblings_list: 4,10
/sys/devices/system/cpu/cpu5/topology/thread_siblings_list: 5,11
/sys/devices/system/cpu/cpu6/topology/thread_siblings_list: 0,6
/sys/devices/system/cpu/cpu7/topology/thread_siblings_list: 1,7
/sys/devices/system/cpu/cpu8/topology/thread_siblings_list: 2,8
/sys/devices/system/cpu/cpu9/topology/thread_siblings_list: 3,9
