=== run a rep1 CANDLE=4 RAYON=4 cores=[0,1,2,3] ===
model loaded in 1.859s (fnv1a64:c9cb348f1d86017c, BF16+F32+Q4K+Q5K+Q6K+Q8_0)
starting full expert warmup in GGUF file order; Ctrl-C cancels
full expert warmup complete (PinnedExpertCache): 19.0 GiB in 12.640s (1536.1 MiB/s), 0.0 GiB physical reads; 19.0 GiB resident in 20992 cache entries
```rust
/// Parses a semver string into (major, minor, patch) tuple.
/// 
/// # Examples
/// 
/// ```
/// let (major, minor, patch) = parse_semver("1.2.3").unwrap();
/// assert_eq!((major, minor, patch), (1, 2, 3));
/// ```
pub fn parse_semver(s: &str) -> Result<(u32, u32, u32), String> {
    let parts: Vec<&str> = s.split('.').collect();
    if parts.len()
prompt token ids: [248045, 846, 198, 7734, 264, 32671, 709, 421, 68434, 264, 5067, 415, 886, 1083, 318, 35299, 11, 8652, 11, 10582, 8, 440, 4821, 6813, 13, 248046, 198, 248045, 74455, 198, 248068, 271, 248069, 271]
generated token ids: [71093, 34602, 198, 2490, 70932, 264, 5067, 415, 886, 1083, 318, 35299, 11, 8652, 11, 10582, 8, 13992, 13, 198, 2490, 695, 2490, 653, 24508, 198, 2490, 695, 2490, 52451, 198, 2490, 1042, 318, 35299, 11, 8652, 11, 10582, 8, 283, 4563, 29450, 415, 437, 16, 13, 17, 13, 18, 1764, 15000, 2061, 198, 2490, 1992, 10398, 0, 1148, 35299, 11, 8652, 11, 10582, 681, 318, 16, 11, 220, 17, 11, 220, 18, 5722, 198, 2490, 52451, 198, 9299, 5003, 4563, 29450, 415, 1104, 25, 594, 485, 8, 1411, 5536, 27767, 84, 18, 17, 11, 560, 18, 17, 11, 560, 18, 17, 681, 894, 29, 313, 198, 262, 1042, 5306, 25, 10985, 50490, 485, 29, 283, 274, 5121, 4151, 1760, 16873, 2061, 198, 262, 413, 5306, 18817, 363]
input: 34 tokens evaluated in 2.644s (12.86 tok/s); decode: 127 passes in 15.733s (8.07 tok/s); context: 162 tokens
expert cache: 88038/88038 hits (100.0%); loaded 0.0 MiB of GGUF ranges; resident 19416.0/24000.0 MiB in 20992 entries (fully resident: true); 0 evictions
process: physical reads 0.0 MiB; faults 48977 minor / 0 major; RSS 21548.0 MiB, peak 21577.0 MiB
--- end a rep1 ---
=== run a rep2 CANDLE=4 RAYON=4 cores=[0,1,2,3] ===
model loaded in 1.789s (fnv1a64:c9cb348f1d86017c, BF16+F32+Q4K+Q5K+Q6K+Q8_0)
starting full expert warmup in GGUF file order; Ctrl-C cancels
full expert warmup complete (PinnedExpertCache): 19.0 GiB in 12.741s (1523.9 MiB/s), 0.0 GiB physical reads; 19.0 GiB resident in 20992 cache entries
```rust
/// Parses a semver string into (major, minor, patch) tuple.
/// 
/// # Examples
/// 
/// ```
/// let (major, minor, patch) = parse_semver("1.2.3").unwrap();
/// assert_eq!((major, minor, patch), (1, 2, 3));
/// ```
pub fn parse_semver(s: &str) -> Result<(u32, u32, u32), String> {
    let parts: Vec<&str> = s.split('.').collect();
    if parts.len()
prompt token ids: [248045, 846, 198, 7734, 264, 32671, 709, 421, 68434, 264, 5067, 415, 886, 1083, 318, 35299, 11, 8652, 11, 10582, 8, 440, 4821, 6813, 13, 248046, 198, 248045, 74455, 198, 248068, 271, 248069, 271]
generated token ids: [71093, 34602, 198, 2490, 70932, 264, 5067, 415, 886, 1083, 318, 35299, 11, 8652, 11, 10582, 8, 13992, 13, 198, 2490, 695, 2490, 653, 24508, 198, 2490, 695, 2490, 52451, 198, 2490, 1042, 318, 35299, 11, 8652, 11, 10582, 8, 283, 4563, 29450, 415, 437, 16, 13, 17, 13, 18, 1764, 15000, 2061, 198, 2490, 1992, 10398, 0, 1148, 35299, 11, 8652, 11, 10582, 681, 318, 16, 11, 220, 17, 11, 220, 18, 5722, 198, 2490, 52451, 198, 9299, 5003, 4563, 29450, 415, 1104, 25, 594, 485, 8, 1411, 5536, 27767, 84, 18, 17, 11, 560, 18, 17, 11, 560, 18, 17, 681, 894, 29, 313, 198, 262, 1042, 5306, 25, 10985, 50490, 485, 29, 283, 274, 5121, 4151, 1760, 16873, 2061, 198, 262, 413, 5306, 18817, 363]
input: 34 tokens evaluated in 2.819s (12.06 tok/s); decode: 127 passes in 15.707s (8.09 tok/s); context: 162 tokens
expert cache: 88038/88038 hits (100.0%); loaded 0.0 MiB of GGUF ranges; resident 19416.0/24000.0 MiB in 20992 entries (fully resident: true); 0 evictions
process: physical reads 0.0 MiB; faults 48984 minor / 0 major; RSS 21545.7 MiB, peak 21574.8 MiB
--- end a rep2 ---
=== run b rep1 CANDLE=6 RAYON=6 cores=[0,1,2,3,4,5] ===
model loaded in 1.824s (fnv1a64:c9cb348f1d86017c, BF16+F32+Q4K+Q5K+Q6K+Q8_0)
starting full expert warmup in GGUF file order; Ctrl-C cancels
full expert warmup complete (PinnedExpertCache): 19.0 GiB in 12.995s (1494.2 MiB/s), 0.0 GiB physical reads; 19.0 GiB resident in 20992 cache entries
```rust
/// Parses a semver string into (major, minor, patch) tuple.
/// 
/// # Examples
/// 
/// ```
/// let (major, minor, patch) = parse_semver("1.2.3").unwrap();
/// assert_eq!((major, minor, patch), (1, 2, 3));
/// ```
pub fn parse_semver(s: &str) -> Result<(u32, u32, u32), String> {
    let parts: Vec<&str> = s.split('.').collect();
    if parts.len()
prompt token ids: [248045, 846, 198, 7734, 264, 32671, 709, 421, 68434, 264, 5067, 415, 886, 1083, 318, 35299, 11, 8652, 11, 10582, 8, 440, 4821, 6813, 13, 248046, 198, 248045, 74455, 198, 248068, 271, 248069, 271]
generated token ids: [71093, 34602, 198, 2490, 70932, 264, 5067, 415, 886, 1083, 318, 35299, 11, 8652, 11, 10582, 8, 13992, 13, 198, 2490, 695, 2490, 653, 24508, 198, 2490, 695, 2490, 52451, 198, 2490, 1042, 318, 35299, 11, 8652, 11, 10582, 8, 283, 4563, 29450, 415, 437, 16, 13, 17, 13, 18, 1764, 15000, 2061, 198, 2490, 1992, 10398, 0, 1148, 35299, 11, 8652, 11, 10582, 681, 318, 16, 11, 220, 17, 11, 220, 18, 5722, 198, 2490, 52451, 198, 9299, 5003, 4563, 29450, 415, 1104, 25, 594, 485, 8, 1411, 5536, 27767, 84, 18, 17, 11, 560, 18, 17, 11, 560, 18, 17, 681, 894, 29, 313, 198, 262, 1042, 5306, 25, 10985, 50490, 485, 29, 283, 274, 5121, 4151, 1760, 16873, 2061, 198, 262, 413, 5306, 18817, 363]
input: 34 tokens evaluated in 2.446s (13.90 tok/s); decode: 127 passes in 15.596s (8.14 tok/s); context: 162 tokens
expert cache: 88038/88038 hits (100.0%); loaded 0.0 MiB of GGUF ranges; resident 19416.0/24000.0 MiB in 20992 entries (fully resident: true); 0 evictions
process: physical reads 0.0 MiB; faults 46276 minor / 0 major; RSS 21545.1 MiB, peak 21573.5 MiB
--- end b rep1 ---
=== run b rep2 CANDLE=6 RAYON=6 cores=[0,1,2,3,4,5] ===
model loaded in 1.783s (fnv1a64:c9cb348f1d86017c, BF16+F32+Q4K+Q5K+Q6K+Q8_0)
starting full expert warmup in GGUF file order; Ctrl-C cancels
full expert warmup complete (PinnedExpertCache): 19.0 GiB in 12.581s (1543.2 MiB/s), 0.0 GiB physical reads; 19.0 GiB resident in 20992 cache entries
```rust
/// Parses a semver string into (major, minor, patch) tuple.
/// 
/// # Examples
/// 
/// ```
/// let (major, minor, patch) = parse_semver("1.2.3").unwrap();
/// assert_eq!((major, minor, patch), (1, 2, 3));
/// ```
pub fn parse_semver(s: &str) -> Result<(u32, u32, u32), String> {
    let parts: Vec<&str> = s.split('.').collect();
    if parts.len()
prompt token ids: [248045, 846, 198, 7734, 264, 32671, 709, 421, 68434, 264, 5067, 415, 886, 1083, 318, 35299, 11, 8652, 11, 10582, 8, 440, 4821, 6813, 13, 248046, 198, 248045, 74455, 198, 248068, 271, 248069, 271]
generated token ids: [71093, 34602, 198, 2490, 70932, 264, 5067, 415, 886, 1083, 318, 35299, 11, 8652, 11, 10582, 8, 13992, 13, 198, 2490, 695, 2490, 653, 24508, 198, 2490, 695, 2490, 52451, 198, 2490, 1042, 318, 35299, 11, 8652, 11, 10582, 8, 283, 4563, 29450, 415, 437, 16, 13, 17, 13, 18, 1764, 15000, 2061, 198, 2490, 1992, 10398, 0, 1148, 35299, 11, 8652, 11, 10582, 681, 318, 16, 11, 220, 17, 11, 220, 18, 5722, 198, 2490, 52451, 198, 9299, 5003, 4563, 29450, 415, 1104, 25, 594, 485, 8, 1411, 5536, 27767, 84, 18, 17, 11, 560, 18, 17, 11, 560, 18, 17, 681, 894, 29, 313, 198, 262, 1042, 5306, 25, 10985, 50490, 485, 29, 283, 274, 5121, 4151, 1760, 16873, 2061, 198, 262, 413, 5306, 18817, 363]
input: 34 tokens evaluated in 2.865s (11.87 tok/s); decode: 127 passes in 15.469s (8.21 tok/s); context: 162 tokens
expert cache: 88038/88038 hits (100.0%); loaded 0.0 MiB of GGUF ranges; resident 19416.0/24000.0 MiB in 20992 entries (fully resident: true); 0 evictions
process: physical reads 0.0 MiB; faults 48987 minor / 0 major; RSS 21545.7 MiB, peak 21574.7 MiB
--- end b rep2 ---
=== run c rep1 CANDLE=8 RAYON=8 cores=[0,1,2,3,4,5,6,7] ===
model loaded in 1.770s (fnv1a64:c9cb348f1d86017c, BF16+F32+Q4K+Q5K+Q6K+Q8_0)
starting full expert warmup in GGUF file order; Ctrl-C cancels
full expert warmup complete (PinnedExpertCache): 19.0 GiB in 12.465s (1557.7 MiB/s), 0.0 GiB physical reads; 19.0 GiB resident in 20992 cache entries
```rust
/// Parses a semver string into (major, minor, patch) tuple.
/// 
/// # Examples
/// 
/// ```
/// let (major, minor, patch) = parse_semver("1.2.3").unwrap();
/// assert_eq!((major, minor, patch), (1, 2, 3));
/// ```
pub fn parse_semver(s: &str) -> Result<(u32, u32, u32), String> {
    let parts: Vec<&str> = s.split('.').collect();
    if parts.len()
prompt token ids: [248045, 846, 198, 7734, 264, 32671, 709, 421, 68434, 264, 5067, 415, 886, 1083, 318, 35299, 11, 8652, 11, 10582, 8, 440, 4821, 6813, 13, 248046, 198, 248045, 74455, 198, 248068, 271, 248069, 271]
generated token ids: [71093, 34602, 198, 2490, 70932, 264, 5067, 415, 886, 1083, 318, 35299, 11, 8652, 11, 10582, 8, 13992, 13, 198, 2490, 695, 2490, 653, 24508, 198, 2490, 695, 2490, 52451, 198, 2490, 1042, 318, 35299, 11, 8652, 11, 10582, 8, 283, 4563, 29450, 415, 437, 16, 13, 17, 13, 18, 1764, 15000, 2061, 198, 2490, 1992, 10398, 0, 1148, 35299, 11, 8652, 11, 10582, 681, 318, 16, 11, 220, 17, 11, 220, 18, 5722, 198, 2490, 52451, 198, 9299, 5003, 4563, 29450, 415, 1104, 25, 594, 485, 8, 1411, 5536, 27767, 84, 18, 17, 11, 560, 18, 17, 11, 560, 18, 17, 681, 894, 29, 313, 198, 262, 1042, 5306, 25, 10985, 50490, 485, 29, 283, 274, 5121, 4151, 1760, 16873, 2061, 198, 262, 413, 5306, 18817, 363]
input: 34 tokens evaluated in 2.485s (13.68 tok/s); decode: 127 passes in 15.607s (8.14 tok/s); context: 162 tokens
expert cache: 88038/88038 hits (100.0%); loaded 0.0 MiB of GGUF ranges; resident 19416.0/24000.0 MiB in 20992 entries (fully resident: true); 0 evictions
process: physical reads 0.0 MiB; faults 46292 minor / 0 major; RSS 21544.6 MiB, peak 21572.8 MiB
--- end c rep1 ---
=== run c rep2 CANDLE=8 RAYON=8 cores=[0,1,2,3,4,5,6,7] ===
model loaded in 1.805s (fnv1a64:c9cb348f1d86017c, BF16+F32+Q4K+Q5K+Q6K+Q8_0)
starting full expert warmup in GGUF file order; Ctrl-C cancels
full expert warmup complete (PinnedExpertCache): 19.0 GiB in 12.538s (1548.6 MiB/s), 0.0 GiB physical reads; 19.0 GiB resident in 20992 cache entries
```rust
/// Parses a semver string into (major, minor, patch) tuple.
/// 
/// # Examples
/// 
/// ```
/// let (major, minor, patch) = parse_semver("1.2.3").unwrap();
/// assert_eq!((major, minor, patch), (1, 2, 3));
/// ```
pub fn parse_semver(s: &str) -> Result<(u32, u32, u32), String> {
    let parts: Vec<&str> = s.split('.').collect();
    if parts.len()
prompt token ids: [248045, 846, 198, 7734, 264, 32671, 709, 421, 68434, 264, 5067, 415, 886, 1083, 318, 35299, 11, 8652, 11, 10582, 8, 440, 4821, 6813, 13, 248046, 198, 248045, 74455, 198, 248068, 271, 248069, 271]
generated token ids: [71093, 34602, 198, 2490, 70932, 264, 5067, 415, 886, 1083, 318, 35299, 11, 8652, 11, 10582, 8, 13992, 13, 198, 2490, 695, 2490, 653, 24508, 198, 2490, 695, 2490, 52451, 198, 2490, 1042, 318, 35299, 11, 8652, 11, 10582, 8, 283, 4563, 29450, 415, 437, 16, 13, 17, 13, 18, 1764, 15000, 2061, 198, 2490, 1992, 10398, 0, 1148, 35299, 11, 8652, 11, 10582, 681, 318, 16, 11, 220, 17, 11, 220, 18, 5722, 198, 2490, 52451, 198, 9299, 5003, 4563, 29450, 415, 1104, 25, 594, 485, 8, 1411, 5536, 27767, 84, 18, 17, 11, 560, 18, 17, 11, 560, 18, 17, 681, 894, 29, 313, 198, 262, 1042, 5306, 25, 10985, 50490, 485, 29, 283, 274, 5121, 4151, 1760, 16873, 2061, 198, 262, 413, 5306, 18817, 363]
input: 34 tokens evaluated in 2.600s (13.08 tok/s); decode: 127 passes in 15.468s (8.21 tok/s); context: 162 tokens
expert cache: 88038/88038 hits (100.0%); loaded 0.0 MiB of GGUF ranges; resident 19416.0/24000.0 MiB in 20992 entries (fully resident: true); 0 evictions
process: physical reads 0.0 MiB; faults 48988 minor / 0 major; RSS 21548.2 MiB, peak 21576.8 MiB
--- end c rep2 ---
=== run d rep1 CANDLE=12 RAYON=12 cores=[0-11] ===
model loaded in 1.801s (fnv1a64:c9cb348f1d86017c, BF16+F32+Q4K+Q5K+Q6K+Q8_0)
starting full expert warmup in GGUF file order; Ctrl-C cancels
full expert warmup complete (PinnedExpertCache): 19.0 GiB in 12.551s (1547.0 MiB/s), 0.0 GiB physical reads; 19.0 GiB resident in 20992 cache entries
```rust
/// Parses a semver string into (major, minor, patch) tuple.
/// 
/// # Examples
/// 
/// ```
/// let (major, minor, patch) = parse_semver("1.2.3").unwrap();
/// assert_eq!((major, minor, patch), (1, 2, 3));
/// ```
pub fn parse_semver(s: &str) -> Result<(u32, u32, u32), String> {
    let parts: Vec<&str> = s.split('.').collect();
    if parts.len()
prompt token ids: [248045, 846, 198, 7734, 264, 32671, 709, 421, 68434, 264, 5067, 415, 886, 1083, 318, 35299, 11, 8652, 11, 10582, 8, 440, 4821, 6813, 13, 248046, 198, 248045, 74455, 198, 248068, 271, 248069, 271]
generated token ids: [71093, 34602, 198, 2490, 70932, 264, 5067, 415, 886, 1083, 318, 35299, 11, 8652, 11, 10582, 8, 13992, 13, 198, 2490, 695, 2490, 653, 24508, 198, 2490, 695, 2490, 52451, 198, 2490, 1042, 318, 35299, 11, 8652, 11, 10582, 8, 283, 4563, 29450, 415, 437, 16, 13, 17, 13, 18, 1764, 15000, 2061, 198, 2490, 1992, 10398, 0, 1148, 35299, 11, 8652, 11, 10582, 681, 318, 16, 11, 220, 17, 11, 220, 18, 5722, 198, 2490, 52451, 198, 9299, 5003, 4563, 29450, 415, 1104, 25, 594, 485, 8, 1411, 5536, 27767, 84, 18, 17, 11, 560, 18, 17, 11, 560, 18, 17, 681, 894, 29, 313, 198, 262, 1042, 5306, 25, 10985, 50490, 485, 29, 283, 274, 5121, 4151, 1760, 16873, 2061, 198, 262, 413, 5306, 18817, 363]
input: 34 tokens evaluated in 3.473s (9.79 tok/s); decode: 127 passes in 22.396s (5.67 tok/s); context: 162 tokens
expert cache: 88038/88038 hits (100.0%); loaded 0.0 MiB of GGUF ranges; resident 19416.0/24000.0 MiB in 20992 entries (fully resident: true); 0 evictions
process: physical reads 0.0 MiB; faults 49006 minor / 0 major; RSS 21545.7 MiB, peak 21573.8 MiB
--- end d rep1 ---
=== run d rep2 CANDLE=12 RAYON=12 cores=[0-11] ===
model loaded in 1.778s (fnv1a64:c9cb348f1d86017c, BF16+F32+Q4K+Q5K+Q6K+Q8_0)
starting full expert warmup in GGUF file order; Ctrl-C cancels
full expert warmup complete (PinnedExpertCache): 19.0 GiB in 12.549s (1547.2 MiB/s), 0.0 GiB physical reads; 19.0 GiB resident in 20992 cache entries
```rust
/// Parses a semver string into (major, minor, patch) tuple.
/// 
/// # Examples
/// 
/// ```
/// let (major, minor, patch) = parse_semver("1.2.3").unwrap();
/// assert_eq!((major, minor, patch), (1, 2, 3));
/// ```
pub fn parse_semver(s: &str) -> Result<(u32, u32, u32), String> {
    let parts: Vec<&str> = s.split('.').collect();
    if parts.len()
prompt token ids: [248045, 846, 198, 7734, 264, 32671, 709, 421, 68434, 264, 5067, 415, 886, 1083, 318, 35299, 11, 8652, 11, 10582, 8, 440, 4821, 6813, 13, 248046, 198, 248045, 74455, 198, 248068, 271, 248069, 271]
generated token ids: [71093, 34602, 198, 2490, 70932, 264, 5067, 415, 886, 1083, 318, 35299, 11, 8652, 11, 10582, 8, 13992, 13, 198, 2490, 695, 2490, 653, 24508, 198, 2490, 695, 2490, 52451, 198, 2490, 1042, 318, 35299, 11, 8652, 11, 10582, 8, 283, 4563, 29450, 415, 437, 16, 13, 17, 13, 18, 1764, 15000, 2061, 198, 2490, 1992, 10398, 0, 1148, 35299, 11, 8652, 11, 10582, 681, 318, 16, 11, 220, 17, 11, 220, 18, 5722, 198, 2490, 52451, 198, 9299, 5003, 4563, 29450, 415, 1104, 25, 594, 485, 8, 1411, 5536, 27767, 84, 18, 17, 11, 560, 18, 17, 11, 560, 18, 17, 681, 894, 29, 313, 198, 262, 1042, 5306, 25, 10985, 50490, 485, 29, 283, 274, 5121, 4151, 1760, 16873, 2061, 198, 262, 413, 5306, 18817, 363]
input: 34 tokens evaluated in 2.976s (11.43 tok/s); decode: 127 passes in 20.945s (6.06 tok/s); context: 162 tokens
expert cache: 88038/88038 hits (100.0%); loaded 0.0 MiB of GGUF ranges; resident 19416.0/24000.0 MiB in 20992 entries (fully resident: true); 0 evictions
process: physical reads 0.0 MiB; faults 46304 minor / 0 major; RSS 21544.6 MiB, peak 21572.1 MiB
--- end d rep2 ---
ALL DONE
