=== run e rep1 CANDLE=6 RAYON=6 cores=[] ===
model loaded in 1.794s (fnv1a64:c9cb348f1d86017c, BF16+F32+Q4K+Q5K+Q6K+Q8_0)
starting full expert warmup in GGUF file order; Ctrl-C cancels
full expert warmup complete (PinnedExpertCache): 19.0 GiB in 12.590s (1542.2 MiB/s), 0.0 GiB physical reads; 19.0 GiB resident in 20992 cache entries
```rust
/// Parses a semver string into (major, minor, patch) tuple.
/// 
/// # Examples
/// 
/// ```
/// let (major, minor, patch) = parse_semver("1.2.3").unwrap();
/// assert_eq!((major, minor, patch), (1, 2, 3));
/// ```
pub fn parse_semver(s: &str) -> Result<(u32, u32, u32), String> {
    let parts: Vec<&str> = s.split('.').collect();
    if parts.len()
prompt token ids: [248045, 846, 198, 7734, 264, 32671, 709, 421, 68434, 264, 5067, 415, 886, 1083, 318, 35299, 11, 8652, 11, 10582, 8, 440, 4821, 6813, 13, 248046, 198, 248045, 74455, 198, 248068, 271, 248069, 271]
generated token ids: [71093, 34602, 198, 2490, 70932, 264, 5067, 415, 886, 1083, 318, 35299, 11, 8652, 11, 10582, 8, 13992, 13, 198, 2490, 695, 2490, 653, 24508, 198, 2490, 695, 2490, 52451, 198, 2490, 1042, 318, 35299, 11, 8652, 11, 10582, 8, 283, 4563, 29450, 415, 437, 16, 13, 17, 13, 18, 1764, 15000, 2061, 198, 2490, 1992, 10398, 0, 1148, 35299, 11, 8652, 11, 10582, 681, 318, 16, 11, 220, 17, 11, 220, 18, 5722, 198, 2490, 52451, 198, 9299, 5003, 4563, 29450, 415, 1104, 25, 594, 485, 8, 1411, 5536, 27767, 84, 18, 17, 11, 560, 18, 17, 11, 560, 18, 17, 681, 894, 29, 313, 198, 262, 1042, 5306, 25, 10985, 50490, 485, 29, 283, 274, 5121, 4151, 1760, 16873, 2061, 198, 262, 413, 5306, 18817, 363]
input: 34 tokens evaluated in 2.429s (14.00 tok/s); decode: 127 passes in 15.534s (8.18 tok/s); context: 162 tokens
expert cache: 88038/88038 hits (100.0%); loaded 0.0 MiB of GGUF ranges; resident 19416.0/24000.0 MiB in 20992 entries (fully resident: true); 0 evictions
process: physical reads 0.0 MiB; faults 48984 minor / 0 major; RSS 21548.2 MiB, peak 21577.0 MiB
--- end e rep1 ---
=== run e rep2 CANDLE=6 RAYON=6 cores=[] ===
model loaded in 1.804s (fnv1a64:c9cb348f1d86017c, BF16+F32+Q4K+Q5K+Q6K+Q8_0)
starting full expert warmup in GGUF file order; Ctrl-C cancels
full expert warmup complete (PinnedExpertCache): 19.0 GiB in 12.570s (1544.6 MiB/s), 0.0 GiB physical reads; 19.0 GiB resident in 20992 cache entries
```rust
/// Parses a semver string into (major, minor, patch) tuple.
/// 
/// # Examples
/// 
/// ```
/// let (major, minor, patch) = parse_semver("1.2.3").unwrap();
/// assert_eq!((major, minor, patch), (1, 2, 3));
/// ```
pub fn parse_semver(s: &str) -> Result<(u32, u32, u32), String> {
    let parts: Vec<&str> = s.split('.').collect();
    if parts.len()
prompt token ids: [248045, 846, 198, 7734, 264, 32671, 709, 421, 68434, 264, 5067, 415, 886, 1083, 318, 35299, 11, 8652, 11, 10582, 8, 440, 4821, 6813, 13, 248046, 198, 248045, 74455, 198, 248068, 271, 248069, 271]
generated token ids: [71093, 34602, 198, 2490, 70932, 264, 5067, 415, 886, 1083, 318, 35299, 11, 8652, 11, 10582, 8, 13992, 13, 198, 2490, 695, 2490, 653, 24508, 198, 2490, 695, 2490, 52451, 198, 2490, 1042, 318, 35299, 11, 8652, 11, 10582, 8, 283, 4563, 29450, 415, 437, 16, 13, 17, 13, 18, 1764, 15000, 2061, 198, 2490, 1992, 10398, 0, 1148, 35299, 11, 8652, 11, 10582, 681, 318, 16, 11, 220, 17, 11, 220, 18, 5722, 198, 2490, 52451, 198, 9299, 5003, 4563, 29450, 415, 1104, 25, 594, 485, 8, 1411, 5536, 27767, 84, 18, 17, 11, 560, 18, 17, 11, 560, 18, 17, 681, 894, 29, 313, 198, 262, 1042, 5306, 25, 10985, 50490, 485, 29, 283, 274, 5121, 4151, 1760, 16873, 2061, 198, 262, 413, 5306, 18817, 363]
input: 34 tokens evaluated in 2.545s (13.36 tok/s); decode: 127 passes in 15.595s (8.14 tok/s); context: 162 tokens
expert cache: 88038/88038 hits (100.0%); loaded 0.0 MiB of GGUF ranges; resident 19416.0/24000.0 MiB in 20992 entries (fully resident: true); 0 evictions
process: physical reads 0.0 MiB; faults 46286 minor / 0 major; RSS 21545.2 MiB, peak 21573.4 MiB
--- end e rep2 ---
=== run f rep1 CANDLE=6 RAYON=1 cores=[0,1,2,3,4,5] ===
model loaded in 1.797s (fnv1a64:c9cb348f1d86017c, BF16+F32+Q4K+Q5K+Q6K+Q8_0)
starting full expert warmup in GGUF file order; Ctrl-C cancels
full expert warmup complete (PinnedExpertCache): 19.0 GiB in 12.392s (1566.8 MiB/s), 0.0 GiB physical reads; 19.0 GiB resident in 20992 cache entries
```rust
/// Parses a semver string into (major, minor, patch) tuple.
/// 
/// # Examples
/// 
/// ```
/// let (major, minor, patch) = parse_semver("1.2.3").unwrap();
/// assert_eq!((major, minor, patch), (1, 2, 3));
/// ```
pub fn parse_semver(s: &str) -> Result<(u32, u32, u32), String> {
    let parts: Vec<&str> = s.split('.').collect();
    if parts.len()
prompt token ids: [248045, 846, 198, 7734, 264, 32671, 709, 421, 68434, 264, 5067, 415, 886, 1083, 318, 35299, 11, 8652, 11, 10582, 8, 440, 4821, 6813, 13, 248046, 198, 248045, 74455, 198, 248068, 271, 248069, 271]
generated token ids: [71093, 34602, 198, 2490, 70932, 264, 5067, 415, 886, 1083, 318, 35299, 11, 8652, 11, 10582, 8, 13992, 13, 198, 2490, 695, 2490, 653, 24508, 198, 2490, 695, 2490, 52451, 198, 2490, 1042, 318, 35299, 11, 8652, 11, 10582, 8, 283, 4563, 29450, 415, 437, 16, 13, 17, 13, 18, 1764, 15000, 2061, 198, 2490, 1992, 10398, 0, 1148, 35299, 11, 8652, 11, 10582, 681, 318, 16, 11, 220, 17, 11, 220, 18, 5722, 198, 2490, 52451, 198, 9299, 5003, 4563, 29450, 415, 1104, 25, 594, 485, 8, 1411, 5536, 27767, 84, 18, 17, 11, 560, 18, 17, 11, 560, 18, 17, 681, 894, 29, 313, 198, 262, 1042, 5306, 25, 10985, 50490, 485, 29, 283, 274, 5121, 4151, 1760, 16873, 2061, 198, 262, 413, 5306, 18817, 363]
input: 34 tokens evaluated in 2.345s (14.50 tok/s); decode: 127 passes in 15.322s (8.29 tok/s); context: 162 tokens
expert cache: 88038/88038 hits (100.0%); loaded 0.0 MiB of GGUF ranges; resident 19416.0/24000.0 MiB in 20992 entries (fully resident: true); 0 evictions
process: physical reads 0.0 MiB; faults 48763 minor / 0 major; RSS 21547.2 MiB, peak 21575.6 MiB
--- end f rep1 ---
=== run f rep2 CANDLE=6 RAYON=1 cores=[0,1,2,3,4,5] ===
model loaded in 1.780s (fnv1a64:c9cb348f1d86017c, BF16+F32+Q4K+Q5K+Q6K+Q8_0)
starting full expert warmup in GGUF file order; Ctrl-C cancels
full expert warmup complete (PinnedExpertCache): 19.0 GiB in 12.418s (1563.6 MiB/s), 0.0 GiB physical reads; 19.0 GiB resident in 20992 cache entries
```rust
/// Parses a semver string into (major, minor, patch) tuple.
/// 
/// # Examples
/// 
/// ```
/// let (major, minor, patch) = parse_semver("1.2.3").unwrap();
/// assert_eq!((major, minor, patch), (1, 2, 3));
/// ```
pub fn parse_semver(s: &str) -> Result<(u32, u32, u32), String> {
    let parts: Vec<&str> = s.split('.').collect();
    if parts.len()
prompt token ids: [248045, 846, 198, 7734, 264, 32671, 709, 421, 68434, 264, 5067, 415, 886, 1083, 318, 35299, 11, 8652, 11, 10582, 8, 440, 4821, 6813, 13, 248046, 198, 248045, 74455, 198, 248068, 271, 248069, 271]
generated token ids: [71093, 34602, 198, 2490, 70932, 264, 5067, 415, 886, 1083, 318, 35299, 11, 8652, 11, 10582, 8, 13992, 13, 198, 2490, 695, 2490, 653, 24508, 198, 2490, 695, 2490, 52451, 198, 2490, 1042, 318, 35299, 11, 8652, 11, 10582, 8, 283, 4563, 29450, 415, 437, 16, 13, 17, 13, 18, 1764, 15000, 2061, 198, 2490, 1992, 10398, 0, 1148, 35299, 11, 8652, 11, 10582, 681, 318, 16, 11, 220, 17, 11, 220, 18, 5722, 198, 2490, 52451, 198, 9299, 5003, 4563, 29450, 415, 1104, 25, 594, 485, 8, 1411, 5536, 27767, 84, 18, 17, 11, 560, 18, 17, 11, 560, 18, 17, 681, 894, 29, 313, 198, 262, 1042, 5306, 25, 10985, 50490, 485, 29, 283, 274, 5121, 4151, 1760, 16873, 2061, 198, 262, 413, 5306, 18817, 363]
input: 34 tokens evaluated in 2.369s (14.35 tok/s); decode: 127 passes in 15.308s (8.30 tok/s); context: 162 tokens
expert cache: 88038/88038 hits (100.0%); loaded 0.0 MiB of GGUF ranges; resident 19416.0/24000.0 MiB in 20992 entries (fully resident: true); 0 evictions
process: physical reads 0.0 MiB; faults 48985 minor / 0 major; RSS 21548.1 MiB, peak 21577.1 MiB
--- end f rep2 ---
ALL DONE
